Archive member included to satisfy reference by file (symbol)

/home/epl692/.pebble-sdk/SDKs/current/sdk-core/pebble/aplite/lib/libpebble.a(tmp7jpKUopebble.o)
                              src/c/main.c.57.o (app_event_loop)
/home/epl692/.pebble-sdk/SDKs/4.9.127/toolchain/arm-none-eabi/bin/../lib/gcc/arm-none-eabi/14.2.1/../../../../arm-none-eabi/lib/thumb/v7-m/nofp/libc.a(libc_a-atexit.o)
                              /home/epl692/.pebble-sdk/SDKs/4.9.127/toolchain/arm-none-eabi/bin/../lib/gcc/arm-none-eabi/14.2.1/../../../../arm-none-eabi/lib/thumb/v7-m/nofp/crt0.o (atexit)
/home/epl692/.pebble-sdk/SDKs/4.9.127/toolchain/arm-none-eabi/bin/../lib/gcc/arm-none-eabi/14.2.1/../../../../arm-none-eabi/lib/thumb/v7-m/nofp/libc.a(libc_a-exit.o)
                              /home/epl692/.pebble-sdk/SDKs/4.9.127/toolchain/arm-none-eabi/bin/../lib/gcc/arm-none-eabi/14.2.1/../../../../arm-none-eabi/lib/thumb/v7-m/nofp/crt0.o (exit)
/home/epl692/.pebble-sdk/SDKs/4.9.127/toolchain/arm-none-eabi/bin/../lib/gcc/arm-none-eabi/14.2.1/../../../../arm-none-eabi/lib/thumb/v7-m/nofp/libc.a(libc_a-findfp.o)
                              /home/epl692/.pebble-sdk/SDKs/4.9.127/toolchain/arm-none-eabi/bin/../lib/gcc/arm-none-eabi/14.2.1/../../../../arm-none-eabi/lib/thumb/v7-m/nofp/libc.a(libc_a-exit.o) (__stdio_exit_handler)
/home/epl692/.pebble-sdk/SDKs/4.9.127/toolchain/arm-none-eabi/bin/../lib/gcc/arm-none-eabi/14.2.1/../../../../arm-none-eabi/lib/thumb/v7-m/nofp/libc.a(libc_a-fwalk.o)
                              /home/epl692/.pebble-sdk/SDKs/4.9.127/toolchain/arm-none-eabi/bin/../lib/gcc/arm-none-eabi/14.2.1/../../../../arm-none-eabi/lib/thumb/v7-m/nofp/libc.a(libc_a-findfp.o) (_fwalk_sglue)
/home/epl692/.pebble-sdk/SDKs/4.9.127/toolchain/arm-none-eabi/bin/../lib/gcc/arm-none-eabi/14.2.1/../../../../arm-none-eabi/lib/thumb/v7-m/nofp/libc.a(libc_a-stdio.o)
                              /home/epl692/.pebble-sdk/SDKs/4.9.127/toolchain/arm-none-eabi/bin/../lib/gcc/arm-none-eabi/14.2.1/../../../../arm-none-eabi/lib/thumb/v7-m/nofp/libc.a(libc_a-findfp.o) (__sread)
/home/epl692/.pebble-sdk/SDKs/4.9.127/toolchain/arm-none-eabi/bin/../lib/gcc/arm-none-eabi/14.2.1/../../../../arm-none-eabi/lib/thumb/v7-m/nofp/libc.a(libc_a-closer.o)
                              /home/epl692/.pebble-sdk/SDKs/4.9.127/toolchain/arm-none-eabi/bin/../lib/gcc/arm-none-eabi/14.2.1/../../../../arm-none-eabi/lib/thumb/v7-m/nofp/libc.a(libc_a-stdio.o) (_close_r)
/home/epl692/.pebble-sdk/SDKs/4.9.127/toolchain/arm-none-eabi/bin/../lib/gcc/arm-none-eabi/14.2.1/../../../../arm-none-eabi/lib/thumb/v7-m/nofp/libc.a(libc_a-reent.o)
                              /home/epl692/.pebble-sdk/SDKs/4.9.127/toolchain/arm-none-eabi/bin/../lib/gcc/arm-none-eabi/14.2.1/../../../../arm-none-eabi/lib/thumb/v7-m/nofp/libc.a(libc_a-closer.o) (errno)
/home/epl692/.pebble-sdk/SDKs/4.9.127/toolchain/arm-none-eabi/bin/../lib/gcc/arm-none-eabi/14.2.1/../../../../arm-none-eabi/lib/thumb/v7-m/nofp/libc.a(libc_a-impure.o)
                              /home/epl692/.pebble-sdk/SDKs/4.9.127/toolchain/arm-none-eabi/bin/../lib/gcc/arm-none-eabi/14.2.1/../../../../arm-none-eabi/lib/thumb/v7-m/nofp/libc.a(libc_a-reent.o) (_impure_ptr)
/home/epl692/.pebble-sdk/SDKs/4.9.127/toolchain/arm-none-eabi/bin/../lib/gcc/arm-none-eabi/14.2.1/../../../../arm-none-eabi/lib/thumb/v7-m/nofp/libc.a(libc_a-lseekr.o)
                              /home/epl692/.pebble-sdk/SDKs/4.9.127/toolchain/arm-none-eabi/bin/../lib/gcc/arm-none-eabi/14.2.1/../../../../arm-none-eabi/lib/thumb/v7-m/nofp/libc.a(libc_a-stdio.o) (_lseek_r)
/home/epl692/.pebble-sdk/SDKs/4.9.127/toolchain/arm-none-eabi/bin/../lib/gcc/arm-none-eabi/14.2.1/../../../../arm-none-eabi/lib/thumb/v7-m/nofp/libc.a(libc_a-readr.o)
                              /home/epl692/.pebble-sdk/SDKs/4.9.127/toolchain/arm-none-eabi/bin/../lib/gcc/arm-none-eabi/14.2.1/../../../../arm-none-eabi/lib/thumb/v7-m/nofp/libc.a(libc_a-stdio.o) (_read_r)
/home/epl692/.pebble-sdk/SDKs/4.9.127/toolchain/arm-none-eabi/bin/../lib/gcc/arm-none-eabi/14.2.1/../../../../arm-none-eabi/lib/thumb/v7-m/nofp/libc.a(libc_a-writer.o)
                              /home/epl692/.pebble-sdk/SDKs/4.9.127/toolchain/arm-none-eabi/bin/../lib/gcc/arm-none-eabi/14.2.1/../../../../arm-none-eabi/lib/thumb/v7-m/nofp/libc.a(libc_a-stdio.o) (_write_r)
/home/epl692/.pebble-sdk/SDKs/4.9.127/toolchain/arm-none-eabi/bin/../lib/gcc/arm-none-eabi/14.2.1/../../../../arm-none-eabi/lib/thumb/v7-m/nofp/libc.a(libc_a-init.o)
                              /home/epl692/.pebble-sdk/SDKs/4.9.127/toolchain/arm-none-eabi/bin/../lib/gcc/arm-none-eabi/14.2.1/../../../../arm-none-eabi/lib/thumb/v7-m/nofp/crt0.o (__libc_init_array)
/home/epl692/.pebble-sdk/SDKs/4.9.127/toolchain/arm-none-eabi/bin/../lib/gcc/arm-none-eabi/14.2.1/../../../../arm-none-eabi/lib/thumb/v7-m/nofp/libc.a(libc_a-fini.o)
[...]
Memory Configuration

Name             Origin             Length             Attributes
APP              0x00000000         0x00006000         xrw
*default*        0x00000000         0xffffffff

Linker script and memory map

LOAD /home/epl692/.pebble-sdk/SDKs/4.9.127/toolchain/arm-none-eabi/bin/../lib/gcc/arm-none-eabi/14.2.1/thumb/v7-m/nofp/crti.o
LOAD /home/epl692/.pebble-sdk/SDKs/4.9.127/toolchain/arm-none-eabi/bin/../lib/gcc/arm-none-eabi/14.2.1/thumb/v7-m/nofp/crtbegin.o
LOAD /home/epl692/.pebble-sdk/SDKs/4.9.127/toolchain/arm-none-eabi/bin/../lib/gcc/arm-none-eabi/14.2.1/../../../../arm-none-eabi/lib/thumb/v7-m/nofp/crt0.o
LOAD src/c/main.c.57.o
LOAD aplite/appinfo.auto.c.57.o
LOAD aplite/src/resource_ids.auto.c.57.o
LOAD src/message_keys.auto.c.57.o
LOAD /home/epl692/.pebble-sdk/SDKs/current/sdk-core/pebble/aplite/lib/libpebble.a
LOAD /home/epl692/pebble-potsface/node_modules/@rebble/clay/dist/binaries/aplite/@rebble/libclay.a
START GROUP
LOAD /home/epl692/.pebble-sdk/SDKs/4.9.127/toolchain/arm-none-eabi/bin/../lib/gcc/arm-none-eabi/14.2.1/thumb/v7-m/nofp/libgcc.a
LOAD /home/epl692/.pebble-sdk/SDKs/4.9.127/toolchain/arm-none-eabi/bin/../lib/gcc/arm-none-eabi/14.2.1/../../../../arm-none-eabi/lib/thumb/v7-m/nofp/libc.a
END GROUP
LOAD /home/epl692/.pebble-sdk/SDKs/4.9.127/toolchain/arm-none-eabi/bin/../lib/gcc/arm-none-eabi/14.2.1/thumb/v7-m/nofp/crtend.o
LOAD /home/epl692/.pebble-sdk/SDKs/4.9.127/toolchain/arm-none-eabi/bin/../lib/gcc/arm-none-eabi/14.2.1/thumb/v7-m/nofp/crtn.o

.header         0x00000000       0x82
 *(.pbl_header)
 .pbl_header    0x00000000       0x82 aplite/appinfo.auto.c.57.o
                0x00000000                __pbl_app_info

.note.gnu.build-id
                0x00000082       0x26
                [!provide]                        PROVIDE (BUILD_ID = .)
 *(.note.gnu.build-id)
 *fill*         0x00000082        0x2 
 .note.gnu.build-id
                0x00000084       0x24 linker stubs

.text           0x000000a8      0xc7b
 *(.text)
 .text          0x000000a8       0x14 /home/epl692/.pebble-sdk/SDKs/current/sdk-core/pebble/aplite/lib/libpebble.a(tmp7jpKUopebble.o)
 *(.text.*)
 .text.outbox_sent_callback
                0x000000bc       0x1c src/c/main.c.57.o
 .text.outbox_failed_callback
                0x000000d8       0x1c src/c/main.c.57.o
 .text.inbox_dropped_callback
                0x000000f4       0x1c src/c/main.c.57.o
 .text.prv_update_display
                0x00000110       0x7c src/c/main.c.57.o
 .text.inbox_received_callback
                0x0000018c      0x1d0 src/c/main.c.57.o
 .text.battery_callback
                0x0000035c       0x20 src/c/main.c.57.o
 .text.bluetooth_callback
                0x0000037c       0x24 src/c/main.c.57.o
 .text.main_window_unload
                0x000003a0       0x84 src/c/main.c.57.o
 .text.main_window_load
                0x00000424      0x2f0 src/c/main.c.57.o
 .text.battery_update_proc
                0x00000714       0x78 src/c/main.c.57.o
 .text.update_time
                0x0000078c       0x7c src/c/main.c.57.o
 .text.tick_handler
                0x00000808       0x40 src/c/main.c.57.o
 .text.startup.main
                0x00000848      0x154 src/c/main.c.57.o
                0x00000848                main
 .text.app_event_loop
                0x0000099c        0xc /home/epl692/.pebble-sdk/SDKs/current/sdk-core/pebble/aplite/lib/libpebble.a(tmp7jpKUopebble.o)
                0x0000099c                app_event_loop
 .text.app_log  0x000009a8        0xc /home/epl692/.pebble-sdk/SDKs/current/sdk-core/pebble/aplite/lib/libpebble.a(tmp7jpKUopebble.o)
                0x000009a8                app_log
 .text.app_message_open
                0x000009b4        0xc /home/epl692/.pebble-sdk/SDKs/current/sdk-core/pebble/aplite/lib/libpebble.a(tmp7jpKUopebble.o)
                0x000009b4                app_message_open
 .text.app_timer_cancel
                0x000009c0        0xc /home/epl692/.pebble-sdk/SDKs/current/sdk-core/pebble/aplite/lib/libpebble.a(tmp7jpKUopebble.o)
                0x000009c0                app_timer_cancel
 .text.battery_state_service_peek
                0x000009cc        0xc /home/epl692/.pebble-sdk/SDKs/current/sdk-core/pebble/aplite/lib/libpebble.a(tmp7jpKUopebble.o)
                0x000009cc                battery_state_service_peek
 .text.battery_state_service_subscribe
                0x000009d8        0xc /home/epl692/.pebble-sdk/SDKs/current/sdk-core/pebble/aplite/lib/libpebble.a(tmp7jpKUopebble.o)
                0x000009d8                battery_state_service_subscribe
 .text.bitmap_layer_create
                0x000009e4        0xc /home/epl692/.pebble-sdk/SDKs/current/sdk-core/pebble/aplite/lib/libpebble.a(tmp7jpKUopebble.o)
                0x000009e4                bitmap_layer_create
 .text.bitmap_layer_destroy
                0x000009f0        0xc /home/epl692/.pebble-sdk/SDKs/current/sdk-core/pebble/aplite/lib/libpebble.a(tmp7jpKUopebble.o)
                0x000009f0                bitmap_layer_destroy
 .text.bitmap_layer_get_layer
                0x000009fc        0xc /home/epl692/.pebble-sdk/SDKs/current/sdk-core/pebble/aplite/lib/libpebble.a(tmp7jpKUopebble.o)
                0x000009fc                bitmap_layer_get_layer
 .text.bitmap_layer_set_bitmap
                0x00000a08        0xc /home/epl692/.pebble-sdk/SDKs/current/sdk-core/pebble/aplite/lib/libpebble.a(tmp7jpKUopebble.o)
                0x00000a08                bitmap_layer_set_bitmap
 .text.bitmap_layer_set_compositing_mode
                0x00000a14        0xc /home/epl692/.pebble-sdk/SDKs/current/sdk-core/pebble/aplite/lib/libpebble.a(tmp7jpKUopebble.o)
                0x00000a14                bitmap_layer_set_compositing_mode
 .text.clock_is_24h_style
                0x00000a20        0xc /home/epl692/.pebble-sdk/SDKs/current/sdk-core/pebble/aplite/lib/libpebble.a(tmp7jpKUopebble.o)
                0x00000a20                clock_is_24h_style
 .text.dict_find
                0x00000a2c        0xc /home/epl692/.pebble-sdk/SDKs/current/sdk-core/pebble/aplite/lib/libpebble.a(tmp7jpKUopebble.o)
                0x00000a2c                dict_find
 .text.dict_write_uint8
                0x00000a38        0xc /home/epl692/.pebble-sdk/SDKs/current/sdk-core/pebble/aplite/lib/libpebble.a(tmp7jpKUopebble.o)
                0x00000a38                dict_write_uint8
 .text.fonts_get_system_font
                0x00000a44        0xc /home/epl692/.pebble-sdk/SDKs/current/sdk-core/pebble/aplite/lib/libpebble.a(tmp7jpKUopebble.o)
                0x00000a44                fonts_get_system_font
 .text.fonts_load_custom_font
                0x00000a50        0xc /home/epl692/.pebble-sdk/SDKs/current/sdk-core/pebble/aplite/lib/libpebble.a(tmp7jpKUopebble.o)
                0x00000a50                fonts_load_custom_font
 .text.fonts_unload_custom_font
                0x00000a5c        0xc /home/epl692/.pebble-sdk/SDKs/current/sdk-core/pebble/aplite/lib/libpebble.a(tmp7jpKUopebble.o)
                0x00000a5c                fonts_unload_custom_font
 .text.gbitmap_create_with_resource
                0x00000a68        0xc /home/epl692/.pebble-sdk/SDKs/current/sdk-core/pebble/aplite/lib/libpebble.a(tmp7jpKUopebble.o)
                0x00000a68                gbitmap_create_with_resource
 .text.gbitmap_destroy
                0x00000a74        0xc /home/epl692/.pebble-sdk/SDKs/current/sdk-core/pebble/aplite/lib/libpebble.a(tmp7jpKUopebble.o)
                0x00000a74                gbitmap_destroy
 .text.graphics_draw_round_rect
                0x00000a80        0xc /home/epl692/.pebble-sdk/SDKs/current/sdk-core/pebble/aplite/lib/libpebble.a(tmp7jpKUopebble.o)
                0x00000a80                graphics_draw_round_rect
 .text.graphics_fill_rect
                0x00000a8c        0xc /home/epl692/.pebble-sdk/SDKs/current/sdk-core/pebble/aplite/lib/libpebble.a(tmp7jpKUopebble.o)
                0x00000a8c                graphics_fill_rect
 .text.layer_add_child
                0x00000a98        0xc /home/epl692/.pebble-sdk/SDKs/current/sdk-core/pebble/aplite/lib/libpebble.a(tmp7jpKUopebble.o)
                0x00000a98                layer_add_child
 .text.layer_create
                0x00000aa4        0xc /home/epl692/.pebble-sdk/SDKs/current/sdk-core/pebble/aplite/lib/libpebble.a(tmp7jpKUopebble.o)
                0x00000aa4                layer_create
 .text.layer_destroy
                0x00000ab0        0xc /home/epl692/.pebble-sdk/SDKs/current/sdk-core/pebble/aplite/lib/libpebble.a(tmp7jpKUopebble.o)
                0x00000ab0                layer_destroy
 .text.layer_get_bounds
                0x00000abc        0xc /home/epl692/.pebble-sdk/SDKs/current/sdk-core/pebble/aplite/lib/libpebble.a(tmp7jpKUopebble.o)
                0x00000abc                layer_get_bounds
 .text.layer_mark_dirty
                0x00000ac8        0xc /home/epl692/.pebble-sdk/SDKs/current/sdk-core/pebble/aplite/lib/libpebble.a(tmp7jpKUopebble.o)
                0x00000ac8                layer_mark_dirty
 .text.layer_set_hidden
                0x00000ad4        0xc /home/epl692/.pebble-sdk/SDKs/current/sdk-core/pebble/aplite/lib/libpebble.a(tmp7jpKUopebble.o)
                0x00000ad4                layer_set_hidden
 .text.layer_set_update_proc
                0x00000ae0        0xc /home/epl692/.pebble-sdk/SDKs/current/sdk-core/pebble/aplite/lib/libpebble.a(tmp7jpKUopebble.o)
                0x00000ae0                layer_set_update_proc
 .text.resource_get_handle
                0x00000aec        0xc /home/epl692/.pebble-sdk/SDKs/current/sdk-core/pebble/aplite/lib/libpebble.a(tmp7jpKUopebble.o)
                0x00000aec                resource_get_handle
 .text.snprintf
                0x00000af8        0xc /home/epl692/.pebble-sdk/SDKs/current/sdk-core/pebble/aplite/lib/libpebble.a(tmp7jpKUopebble.o)
                0x00000af8                snprintf
 .text.strcpy   0x00000b04        0xc /home/epl692/.pebble-sdk/SDKs/current/sdk-core/pebble/aplite/lib/libpebble.a(tmp7jpKUopebble.o)
                0x00000b04                strcpy
 .text.strftime
                0x00000b10        0xc /home/epl692/.pebble-sdk/SDKs/current/sdk-core/pebble/aplite/lib/libpebble.a(tmp7jpKUopebble.o)
                0x00000b10                strftime
 .text.tick_timer_service_subscribe
                0x00000b1c        0xc /home/epl692/.pebble-sdk/SDKs/current/sdk-core/pebble/aplite/lib/libpebble.a(tmp7jpKUopebble.o)
                0x00000b1c                tick_timer_service_subscribe
 .text.vibes_double_pulse
                0x00000b28        0xc /home/epl692/.pebble-sdk/SDKs/current/sdk-core/pebble/aplite/lib/libpebble.a(tmp7jpKUopebble.o)
                0x00000b28                vibes_double_pulse
 .text.window_create
                0x00000b34        0xc /home/epl692/.pebble-sdk/SDKs/current/sdk-core/pebble/aplite/lib/libpebble.a(tmp7jpKUopebble.o)
                0x00000b34                window_create
 .text.window_destroy
                0x00000b40        0xc /home/epl692/.pebble-sdk/SDKs/current/sdk-core/pebble/aplite/lib/libpebble.a(tmp7jpKUopebble.o)
                0x00000b40                window_destroy
 .text.window_get_root_layer
                0x00000b4c        0xc /home/epl692/.pebble-sdk/SDKs/current/sdk-core/pebble/aplite/lib/libpebble.a(tmp7jpKUopebble.o)
                0x00000b4c                window_get_root_layer
 .text.window_set_window_handlers
                0x00000b58        0xc /home/epl692/.pebble-sdk/SDKs/current/sdk-core/pebble/aplite/lib/libpebble.a(tmp7jpKUopebble.o)
                0x00000b58                window_set_window_handlers
 .text.window_stack_push
                0x00000b64        0xc /home/epl692/.pebble-sdk/SDKs/current/sdk-core/pebble/aplite/lib/libpebble.a(tmp7jpKUopebble.o)
                0x00000b64                window_stack_push
 .text.app_message_outbox_begin
                0x00000b70        0xc /home/epl692/.pebble-sdk/SDKs/current/sdk-core/pebble/aplite/lib/libpebble.a(tmp7jpKUopebble.o)
                0x00000b70                app_message_outbox_begin
 .text.app_message_outbox_send
                0x00000b7c        0xc /home/epl692/.pebble-sdk/SDKs/current/sdk-core/pebble/aplite/lib/libpebble.a(tmp7jpKUopebble.o)
                0x00000b7c                app_message_outbox_send
 .text.app_message_register_inbox_dropped
                0x00000b88        0xc /home/epl692/.pebble-sdk/SDKs/current/sdk-core/pebble/aplite/lib/libpebble.a(tmp7jpKUopebble.o)
                0x00000b88                app_message_register_inbox_dropped
 .text.app_message_register_inbox_received
                0x00000b94        0xc /home/epl692/.pebble-sdk/SDKs/current/sdk-core/pebble/aplite/lib/libpebble.a(tmp7jpKUopebble.o)
                0x00000b94                app_message_register_inbox_received
 .text.app_message_register_outbox_failed
                0x00000ba0        0xc /home/epl692/.pebble-sdk/SDKs/current/sdk-core/pebble/aplite/lib/libpebble.a(tmp7jpKUopebble.o)
                0x00000ba0                app_message_register_outbox_failed
 .text.app_message_register_outbox_sent
                0x00000bac        0xc /home/epl692/.pebble-sdk/SDKs/current/sdk-core/pebble/aplite/lib/libpebble.a(tmp7jpKUopebble.o)
                0x00000bac                app_message_register_outbox_sent
 .text.persist_read_data
                0x00000bb8        0xc /home/epl692/.pebble-sdk/SDKs/current/sdk-core/pebble/aplite/lib/libpebble.a(tmp7jpKUopebble.o)
                0x00000bb8                persist_read_data
 .text.persist_write_data
                0x00000bc4        0xc /home/epl692/.pebble-sdk/SDKs/current/sdk-core/pebble/aplite/lib/libpebble.a(tmp7jpKUopebble.o)
                0x00000bc4                persist_write_data
 .text.graphics_context_set_fill_color
                0x00000bd0        0xc /home/epl692/.pebble-sdk/SDKs/current/sdk-core/pebble/aplite/lib/libpebble.a(tmp7jpKUopebble.o)
                0x00000bd0                graphics_context_set_fill_color
 .text.graphics_context_set_stroke_color
                0x00000bdc        0xc /home/epl692/.pebble-sdk/SDKs/current/sdk-core/pebble/aplite/lib/libpebble.a(tmp7jpKUopebble.o)
                0x00000bdc                graphics_context_set_stroke_color
 .text.window_set_background_color
                0x00000be8        0xc /home/epl692/.pebble-sdk/SDKs/current/sdk-core/pebble/aplite/lib/libpebble.a(tmp7jpKUopebble.o)
                0x00000be8                window_set_background_color
 .text.localtime
                0x00000bf4        0xc /home/epl692/.pebble-sdk/SDKs/current/sdk-core/pebble/aplite/lib/libpebble.a(tmp7jpKUopebble.o)
                0x00000bf4                localtime
 .text.text_layer_create
                0x00000c00        0xc /home/epl692/.pebble-sdk/SDKs/current/sdk-core/pebble/aplite/lib/libpebble.a(tmp7jpKUopebble.o)
                0x00000c00                text_layer_create
 .text.text_layer_destroy
                0x00000c0c        0xc /home/epl692/.pebble-sdk/SDKs/current/sdk-core/pebble/aplite/lib/libpebble.a(tmp7jpKUopebble.o)
                0x00000c0c                text_layer_destroy
 .text.text_layer_get_layer
                0x00000c18        0xc /home/epl692/.pebble-sdk/SDKs/current/sdk-core/pebble/aplite/lib/libpebble.a(tmp7jpKUopebble.o)
                0x00000c18                text_layer_get_layer
 .text.text_layer_set_background_color
                0x00000c24        0xc /home/epl692/.pebble-sdk/SDKs/current/sdk-core/pebble/aplite/lib/libpebble.a(tmp7jpKUopebble.o)
                0x00000c24                text_layer_set_background_color
 .text.text_layer_set_font
                0x00000c30        0xc /home/epl692/.pebble-sdk/SDKs/current/sdk-core/pebble/aplite/lib/libpebble.a(tmp7jpKUopebble.o)
                0x00000c30                text_layer_set_font
 .text.text_layer_set_text
                0x00000c3c        0xc /home/epl692/.pebble-sdk/SDKs/current/sdk-core/pebble/aplite/lib/libpebble.a(tmp7jpKUopebble.o)
                0x00000c3c                text_layer_set_text
 .text.text_layer_set_text_alignment
                0x00000c48        0xc /home/epl692/.pebble-sdk/SDKs/current/sdk-core/pebble/aplite/lib/libpebble.a(tmp7jpKUopebble.o)
                0x00000c48                text_layer_set_text_alignment
 .text.text_layer_set_text_color
                0x00000c54        0xc /home/epl692/.pebble-sdk/SDKs/current/sdk-core/pebble/aplite/lib/libpebble.a(tmp7jpKUopebble.o)
                0x00000c54                text_layer_set_text_color
 .text.time     0x00000c60        0xc /home/epl692/.pebble-sdk/SDKs/current/sdk-core/pebble/aplite/lib/libpebble.a(tmp7jpKUopebble.o)
                0x00000c60                time
 .text.connection_service_subscribe
                0x00000c6c        0xc /home/epl692/.pebble-sdk/SDKs/current/sdk-core/pebble/aplite/lib/libpebble.a(tmp7jpKUopebble.o)
                0x00000c6c                connection_service_subscribe
 *(.rodata)
 *(.rodata*)
 .rodata.outbox_sent_callback.str1.1
                0x00000c78       0xab src/c/main.c.57.o
                                 0x1c (size before relaxing)
 .rodata.outbox_failed_callback.str1.1
                0x00000d23       0x14 src/c/main.c.57.o
 .rodata.inbox_dropped_callback.str1.1
                0x00000d23       0x11 src/c/main.c.57.o
 .rodata.inbox_received_callback.str1.1
                0x00000d23       0x15 src/c/main.c.57.o
 .rodata.main_window_load.str1.1
                0x00000d23       0x43 src/c/main.c.57.o
 .rodata.update_time.str1.1
                0x00000d23       0x15 src/c/main.c.57.o

.glue_7         0x00000d24        0x0
 .glue_7        0x00000d24        0x0 linker stubs

.glue_7t        0x00000d24        0x0
 .glue_7t       0x00000d24        0x0 linker stubs

.vfp11_veneer   0x00000d24        0x0
 .vfp11_veneer  0x00000d24        0x0 linker stubs

.v4_bx          0x00000d24        0x0
 .v4_bx         0x00000d24        0x0 linker stubs

.init           0x00000d24        0x4
 .init          0x00000d24        0x4 /home/epl692/.pebble-sdk/SDKs/4.9.127/toolchain/arm-none-eabi/bin/../lib/gcc/arm-none-eabi/14.2.1/thumb/v7-m/nofp/crti.o
                0x00000d24                _init

.fini           0x00000d28        0x4
 .fini          0x00000d28        0x4 /home/epl692/.pebble-sdk/SDKs/4.9.127/toolchain/arm-none-eabi/bin/../lib/gcc/arm-none-eabi/14.2.1/thumb/v7-m/nofp/crti.o
                0x00000d28                _fini

.iplt           0x00000d2c        0x0
 .iplt          0x00000d2c        0x0 src/c/main.c.57.o

.rel.dyn        0x00000d2c        0x0
 .rel.iplt      0x00000d2c        0x0 src/c/main.c.57.o
 .rel.got       0x00000d2c        0x0 src/c/main.c.57.o

.data           0x00000d2c       0x1c
 *(.data)
 .data          0x00000d2c        0x0 /home/epl692/.pebble-sdk/SDKs/4.9.127/toolchain/arm-none-eabi/bin/../lib/gcc/arm-none-eabi/14.2.1/thumb/v7-m/nofp/crti.o
 .data          0x00000d2c        0x0 /home/epl692/.pebble-sdk/SDKs/4.9.127/toolchain/arm-none-eabi/bin/../lib/gcc/arm-none-eabi/14.2.1/thumb/v7-m/nofp/crtbegin.o
 .data          0x00000d2c        0x0 /home/epl692/.pebble-sdk/SDKs/4.9.127/toolchain/arm-none-eabi/bin/../lib/gcc/arm-none-eabi/14.2.1/../../../../arm-none-eabi/lib/thumb/v7-m/nofp/crt0.o
 .data          0x00000d2c        0x0 src/c/main.c.57.o
 .data          0x00000d2c        0x0 aplite/appinfo.auto.c.57.o
 .data          0x00000d2c        0x0 aplite/src/resource_ids.auto.c.57.o
 .data          0x00000d2c        0x0 src/message_keys.auto.c.57.o
 .data          0x00000d2c        0x0 /home/epl692/.pebble-sdk/SDKs/current/sdk-core/pebble/aplite/lib/libpebble.a(tmp7jpKUopebble.o)
 .data          0x00000d2c        0x0 /home/epl692/.pebble-sdk/SDKs/4.9.127/toolchain/arm-none-eabi/bin/../lib/gcc/arm-none-eabi/14.2.1/../../../../arm-none-eabi/lib/thumb/v7-m/nofp/libc.a(libc_a-atexit.o)
 .data          0x00000d2c        0x0 /home/epl692/.pebble-sdk/SDKs/4.9.127/toolchain/arm-none-eabi/bin/../lib/gcc/arm-none-eabi/14.2.1/../../../../arm-none-eabi/lib/thumb/v7-m/nofp/libc.a(libc_a-exit.o)
 .data          0x00000d2c        0x0 /home/epl692/.pebble-sdk/SDKs/4.9.127/toolchain/arm-none-eabi/bin/../lib/gcc/arm-none-eabi/14.2.1/../../../../arm-none-eabi/lib/thumb/v7-m/nofp/libc.a(libc_a-findfp.o)
 .data          0x00000d2c        0x0 /home/epl692/.pebble-sdk/SDKs/4.9.127/toolchain/arm-none-eabi/bin/../lib/gcc/arm-none-eabi/14.2.1/../../../../arm-none-eabi/lib/thumb/v7-m/nofp/libc.a(libc_a-fwalk.o)
 .data          0x00000d2c        0x0 /home/epl692/.pebble-sdk/SDKs/4.9.127/toolchain/arm-none-eabi/bin/../lib/gcc/arm-none-eabi/14.2.1/../../../../arm-none-eabi/lib/thumb/v7-m/nofp/libc.a(libc_a-stdio.o)
 .data          0x00000d2c        0x0 /home/epl692/.pebble-sdk/SDKs/4.9.127/toolchain/arm-none-eabi/bin/../lib/gcc/arm-none-eabi/14.2.1/../../../../arm-none-eabi/lib/thumb/v7-m/nofp/libc.a(libc_a-closer.o)
 .data          0x00000d2c        0x0 /home/epl692/.pebble-sdk/SDKs/4.9.127/toolchain/arm-none-eabi/bin/../lib/gcc/arm-none-eabi/14.2.1/../../../../arm-none-eabi/lib/thumb/v7-m/nofp/libc.a(libc_a-reent.o)
 .data          0x00000d2c        0x0 /home/epl692/.pebble-sdk/SDKs/4.9.127/toolchain/arm-none-eabi/bin/../lib/gcc/arm-none-eabi/14.2.1/../../../../arm-none-eabi/lib/thumb/v7-m/nofp/libc.a(libc_a-impure.o)
 .data          0x00000d2c        0x0 /home/epl692/.pebble-sdk/SDKs/4.9.127/toolchain/arm-none-eabi/bin/../lib/gcc/arm-none-eabi/14.2.1/../../../../arm-none-eabi/lib/thumb/v7-m/nofp/libc.a(libc_a-lseekr.o)
 .data          0x00000d2c        0x0 /home/epl692/.pebble-sdk/SDKs/4.9.127/toolchain/arm-none-eabi/bin/../lib/gcc/arm-none-eabi/14.2.1/../../../../arm-none-eabi/lib/thumb/v7-m/nofp/libc.a(libc_a-readr.o)
 .data          0x00000d2c        0x0 /home/epl692/.pebble-sdk/SDKs/4.9.127/toolchain/arm-none-eabi/bin/../lib/gcc/arm-none-eabi/14.2.1/../../../../arm-none-eabi/lib/thumb/v7-m/nofp/libc.a(libc_a-writer.o)
 .data          0x00000d2c        0x0 /home/epl692/.pebble-sdk/SDKs/4.9.127/toolchain/arm-none-eabi/bin/../lib/gcc/arm-none-eabi/14.2.1/../../../../arm-none-eabi/lib/thumb/v7-m/nofp/libc.a(libc_a-init.o)
 .data          0x00000d2c        0x0 /home/epl692/.pebble-sdk/SDKs/4.9.127/toolchain/arm-none-eabi/bin/../lib/gcc/arm-none-eabi/14.2.1/../../../../arm-none-eabi/lib/thumb/v7-m/nofp/libc.a(libc_a-fini.o)
 .data          0x00000d2c        0x0 /home/epl692/.pebble-sdk/SDKs/4.9.127/toolchain/arm-none-eabi/bin/../lib/gcc/arm-none-eabi/14.2.1/../../../../arm-none-eabi/lib/thumb/v7-m/nofp/libc.a(libc_a-lock.o)
 .data          0x00000d2c        0x0 /home/epl692/.pebble-sdk/SDKs/4.9.127/toolchain/arm-none-eabi/bin/../lib/gcc/arm-none-eabi/14.2.1/../../../../arm-none-eabi/lib/thumb/v7-m/nofp/libc.a(libc_a-__atexit.o)
 .data          0x00000d2c        0x0 /home/epl692/.pebble-sdk/SDKs/4.9.127/toolchain/arm-none-eabi/bin/../lib/gcc/arm-none-eabi/14.2.1/../../../../arm-none-eabi/lib/thumb/v7-m/nofp/libc.a(libc_a-__call_atexit.o)
 .data          0x00000d2c        0x0 /home/epl692/.pebble-sdk/SDKs/4.9.127/toolchain/arm-none-eabi/bin/../lib/gcc/arm-none-eabi/14.2.1/../../../../arm-none-eabi/lib/thumb/v7-m/nofp/libc.a(libc_a-freer.o)
 .data          0x00000d2c        0x0 /home/epl692/.pebble-sdk/SDKs/4.9.127/toolchain/arm-none-eabi/bin/../lib/gcc/arm-none-eabi/14.2.1/../../../../arm-none-eabi/lib/thumb/v7-m/nofp/libc.a(libc_a-mallocr.o)
 .data          0x00000d2c        0x0 /home/epl692/.pebble-sdk/SDKs/4.9.127/toolchain/arm-none-eabi/bin/../lib/gcc/arm-none-eabi/14.2.1/../../../../arm-none-eabi/lib/thumb/v7-m/nofp/libc.a(libc_a-mlock.o)
 .data          0x00000d2c        0x0 /home/epl692/.pebble-sdk/SDKs/4.9.127/toolchain/arm-none-eabi/bin/../lib/gcc/arm-none-eabi/14.2.1/../../../../arm-none-eabi/lib/thumb/v7-m/nofp/libc.a(libc_a-fclose.o)
 .data          0x00000d2c        0x0 /home/epl692/.pebble-sdk/SDKs/4.9.127/toolchain/arm-none-eabi/bin/../lib/gcc/arm-none-eabi/14.2.1/../../../../arm-none-eabi/lib/thumb/v7-m/nofp/libc.a(libc_a-fflush.o)
 .data          0x00000d2c        0x0 /home/epl692/.pebble-sdk/SDKs/4.9.127/toolchain/arm-none-eabi/bin/../lib/gcc/arm-none-eabi/14.2.1/../../../../arm-none-eabi/lib/thumb/v7-m/nofp/libc.a(libc_a-sbrkr.o)
 .data          0x00000d2c        0x0 /home/epl692/.pebble-sdk/SDKs/4.9.127/toolchain/arm-none-eabi/bin/../lib/gcc/arm-none-eabi/14.2.1/../../../../arm-none-eabi/lib/thumb/v7-m/nofp/libc.a(libc_a-sysconf.o)
 .data          0x00000d2c        0x0 /home/epl692/.pebble-sdk/SDKs/4.9.127/toolchain/arm-none-eabi/bin/../lib/gcc/arm-none-eabi/14.2.1/../../../../arm-none-eabi/lib/thumb/v7-m/nofp/libc.a(libc_a-errno.o)
 .data          0x00000d2c        0x0 /home/epl692/.pebble-sdk/SDKs/4.9.127/toolchain/arm-none-eabi/bin/../lib/gcc/arm-none-eabi/14.2.1/thumb/v7-m/nofp/crtend.o
 .data          0x00000d2c        0x0 /home/epl692/.pebble-sdk/SDKs/4.9.127/toolchain/arm-none-eabi/bin/../lib/gcc/arm-none-eabi/14.2.1/thumb/v7-m/nofp/crtn.o
 *(.data.*)
 .data.MESSAGE_KEY_TextColor
                0x00000d2c        0x4 src/message_keys.auto.c.57.o
                0x00000d2c                MESSAGE_KEY_TextColor
 .data.MESSAGE_KEY_TemperatureUnit
                0x00000d30        0x4 src/message_keys.auto.c.57.o
                0x00000d30                MESSAGE_KEY_TemperatureUnit
 .data.MESSAGE_KEY_TEMPERATURE
                0x00000d34        0x4 src/message_keys.auto.c.57.o
                0x00000d34                MESSAGE_KEY_TEMPERATURE
 .data.MESSAGE_KEY_ShowDate
                0x00000d38        0x4 src/message_keys.auto.c.57.o
                0x00000d38                MESSAGE_KEY_ShowDate
 .data.MESSAGE_KEY_REQUEST_WEATHER
                0x00000d3c        0x4 src/message_keys.auto.c.57.o
                0x00000d3c                MESSAGE_KEY_REQUEST_WEATHER
 .data.MESSAGE_KEY_CONDITIONS
                0x00000d40        0x4 src/message_keys.auto.c.57.o
                0x00000d40                MESSAGE_KEY_CONDITIONS
 .data.MESSAGE_KEY_BackgroundColor
                0x00000d44        0x4 src/message_keys.auto.c.57.o
                0x00000d44                MESSAGE_KEY_BackgroundColor

.igot.plt       0x00000d48        0x0
 .igot.plt      0x00000d48        0x0 src/c/main.c.57.o

.got            0x00000d48       0x1c
 .got           0x00000d48       0x1c src/c/main.c.57.o

.got.plt        0x00000d64        0xc
 .got.plt       0x00000d64        0xc src/c/main.c.57.o
                0x00000d64                _GLOBAL_OFFSET_TABLE_

.bss            0x00000d70       0xb8
 *(.bss)
 *(.bss.*)
 .bss.s_hr_buffer.0
                0x00000d70       0x18 src/c/main.c.57.o
 .bss.s_date_buffer.1
                0x00000d88       0x10 src/c/main.c.57.o
 .bss.s_time_buffer.2
                0x00000d98        0x8 src/c/main.c.57.o
 .bss.weather_layer_buffer.3
                0x00000da0       0x20 src/c/main.c.57.o
 .bss.conditions_buffer.4
                0x00000dc0       0x20 src/c/main.c.57.o
 .bss.temperature_buffer.5
                0x00000de0        0x8 src/c/main.c.57.o
 .bss.s_last_window_delta
                0x00000de8        0x4 src/c/main.c.57.o
 .bss.s_last_filtered_hr
                0x00000dec        0x4 src/c/main.c.57.o
 .bss.s_hr_alert_timer
                0x00000df0        0x4 src/c/main.c.57.o
 .bss.s_window_layer
                0x00000df4        0x4 src/c/main.c.57.o
 .bss.s_bt_icon_bitmap
                0x00000df8        0x4 src/c/main.c.57.o
 .bss.s_bt_icon_layer
                0x00000dfc        0x4 src/c/main.c.57.o
 .bss.s_battery_level
                0x00000e00        0x4 src/c/main.c.57.o
 .bss.s_battery_layer
                0x00000e04        0x4 src/c/main.c.57.o
 .bss.s_date_font
                0x00000e08        0x4 src/c/main.c.57.o
 .bss.s_time_font
                0x00000e0c        0x4 src/c/main.c.57.o
 .bss.s_weather_layer
                0x00000e10        0x4 src/c/main.c.57.o
 .bss.s_hr_layer
                0x00000e14        0x4 src/c/main.c.57.o
 .bss.s_date_layer
                0x00000e18        0x4 src/c/main.c.57.o
 .bss.s_time_layer
                0x00000e1c        0x4 src/c/main.c.57.o
 .bss.s_main_window
                0x00000e20        0x4 src/c/main.c.57.o
 .bss.settings  0x00000e24        0x4 src/c/main.c.57.o

DISCARD
 libc.a(*)
 libm.a(*)
 libgcc.a(*)
 *(.eh_frame)
OUTPUT(/home/epl692/pebble-potsface/build/aplite/pebble-app.elf elf32-littlearm)
LOAD linker stubs
LOAD /home/epl692/.pebble-sdk/SDKs/4.9.127/toolchain/arm-none-eabi/bin/../lib/gcc/arm-none-eabi/14.2.1/../../../../arm-none-eabi/lib/thumb/v7-m/nofp/libc.a
LOAD /home/epl692/.pebble-sdk/SDKs/4.9.127/toolchain/arm-none-eabi/bin/../lib/gcc/arm-none-eabi/14.2.1/../../../../arm-none-eabi/lib/thumb/v7-m/nofp/libm.a
LOAD /home/epl692/.pebble-sdk/SDKs/4.9.127/toolchain/arm-none-eabi/bin/../lib/gcc/arm-none-eabi/14.2.1/thumb/v7-m/nofp/libgcc.a

.ARM.attributes
                0x00000000       0x29
 .ARM.attributes
                0x00000000       0x1d /home/epl692/.pebble-sdk/SDKs/4.9.127/toolchain/arm-none-eabi/bin/../lib/gcc/arm-none-eabi/14.2.1/thumb/v7-m/nofp/crti.o
 .ARM.attributes
                0x0000001d       0x2d /home/epl692/.pebble-sdk/SDKs/4.9.127/toolchain/arm-none-eabi/bin/../lib/gcc/arm-none-eabi/14.2.1/thumb/v7-m/nofp/crtbegin.o
 .ARM.attributes
                0x0000004a       0x1b /home/epl692/.pebble-sdk/SDKs/4.9.127/toolchain/arm-none-eabi/bin/../lib/gcc/arm-none-eabi/14.2.1/../../../../arm-none-eabi/lib/thumb/v7-m/nofp/crt0.o
 .ARM.attributes
                0x00000065       0x2d src/c/main.c.57.o
 .ARM.attributes
                0x00000092       0x2d aplite/appinfo.auto.c.57.o
 .ARM.attributes
                0x000000bf       0x2d aplite/src/resource_ids.auto.c.57.o
 .ARM.attributes
                0x000000ec       0x2d src/message_keys.auto.c.57.o
 .ARM.attributes
                0x00000119       0x21 /home/epl692/.pebble-sdk/SDKs/current/sdk-core/pebble/aplite/lib/libpebble.a(tmp7jpKUopebble.o)
 .ARM.attributes
                0x0000013a       0x2d /home/epl692/.pebble-sdk/SDKs/4.9.127/toolchain/arm-none-eabi/bin/../lib/gcc/arm-none-eabi/14.2.1/../../../../arm-none-eabi/lib/thumb/v7-m/nofp/libc.a(libc_a-atexit.o)
 .ARM.attributes
                0x00000167       0x2d /home/epl692/.pebble-sdk/SDKs/4.9.127/toolchain/arm-none-eabi/bin/../lib/gcc/arm-none-eabi/14.2.1/../../../../arm-none-eabi/lib/thumb/v7-m/nofp/libc.a(libc_a-exit.o)
 .ARM.attributes
                0x00000194       0x2d /home/epl692/.pebble-sdk/SDKs/4.9.127/toolchain/arm-none-eabi/bin/../lib/gcc/arm-none-eabi/14.2.1/../../../../arm-none-eabi/lib/thumb/v7-m/nofp/libc.a(libc_a-findfp.o)
 .ARM.attributes
                0x000001c1       0x2d /home/epl692/.pebble-sdk/SDKs/4.9.127/toolchain/arm-none-eabi/bin/../lib/gcc/arm-none-eabi/14.2.1/../../../../arm-none-eabi/lib/thumb/v7-m/nofp/libc.a(libc_a-fwalk.o)
 .ARM.attributes
                0x000001ee       0x2d /home/epl692/.pebble-sdk/SDKs/4.9.127/toolchain/arm-none-eabi/bin/../lib/gcc/arm-none-eabi/14.2.1/../../../../arm-none-eabi/lib/thumb/v7-m/nofp/libc.a(libc_a-stdio.o)
 .ARM.attributes
                0x0000021b       0x2d /home/epl692/.pebble-sdk/SDKs/4.9.127/toolchain/arm-none-eabi/bin/../lib/gcc/arm-none-eabi/14.2.1/../../../../arm-none-eabi/lib/thumb/v7-m/nofp/libc.a(libc_a-closer.o)
 .ARM.attributes
                0x00000248       0x2d /home/epl692/.pebble-sdk/SDKs/4.9.127/toolchain/arm-none-eabi/bin/../lib/gcc/arm-none-eabi/14.2.1/../../../../arm-none-eabi/lib/thumb/v7-m/nofp/libc.a(libc_a-reent.o)
 .ARM.attributes
                0x00000275       0x2d /home/epl692/.pebble-sdk/SDKs/4.9.127/toolchain/arm-none-eabi/bin/../lib/gcc/arm-none-eabi/14.2.1/../../../../arm-none-eabi/lib/thumb/v7-m/nofp/libc.a(libc_a-impure.o)
 .ARM.attributes
                0x000002a2       0x2d /home/epl692/.pebble-sdk/SDKs/4.9.127/toolchain/arm-none-eabi/bin/../lib/gcc/arm-none-eabi/14.2.1/../../../../arm-none-eabi/lib/thumb/v7-m/nofp/libc.a(libc_a-lseekr.o)
 .ARM.attributes
                0x000002cf       0x2d /home/epl692/.pebble-sdk/SDKs/4.9.127/toolchain/arm-none-eabi/bin/../lib/gcc/arm-none-eabi/14.2.1/../../../../arm-none-eabi/lib/thumb/v7-m/nofp/libc.a(libc_a-readr.o)
 .ARM.attributes
                0x000002fc       0x2d /home/epl692/.pebble-sdk/SDKs/4.9.127/toolchain/arm-none-eabi/bin/../lib/gcc/arm-none-eabi/14.2.1/../../../../arm-none-eabi/lib/thumb/v7-m/nofp/libc.a(libc_a-writer.o)
 .ARM.attributes
                0x00000329       0x2d /home/epl692/.pebble-sdk/SDKs/4.9.127/toolchain/arm-none-eabi/bin/../lib/gcc/arm-none-eabi/14.2.1/../../../../arm-none-eabi/lib/thumb/v7-m/nofp/libc.a(libc_a-init.o)
 .ARM.attributes
                0x00000356       0x2d /home/epl692/.pebble-sdk/SDKs/4.9.127/toolchain/arm-none-eabi/bin/../lib/gcc/arm-none-eabi/14.2.1/../../../../arm-none-eabi/lib/thumb/v7-m/nofp/libc.a(libc_a-fini.o)
 .ARM.attributes
                0x00000383       0x2d /home/epl692/.pebble-sdk/SDKs/4.9.127/toolchain/arm-none-eabi/bin/../lib/gcc/arm-none-eabi/14.2.1/../../../../arm-none-eabi/lib/thumb/v7-m/nofp/libc.a(libc_a-lock.o)
 .ARM.attributes
                0x000003b0       0x2d /home/epl692/.pebble-sdk/SDKs/4.9.127/toolchain/arm-none-eabi/bin/../lib/gcc/arm-none-eabi/14.2.1/../../../../arm-none-eabi/lib/thumb/v7-m/nofp/libc.a(libc_a-__atexit.o)
 .ARM.attributes
                0x000003dd       0x2d /home/epl692/.pebble-sdk/SDKs/4.9.127/toolchain/arm-none-eabi/bin/../lib/gcc/arm-none-eabi/14.2.1/../../../../arm-none-eabi/lib/thumb/v7-m/nofp/libc.a(libc_a-__call_atexit.o)
 .ARM.attributes
                0x0000040a       0x2d /home/epl692/.pebble-sdk/SDKs/4.9.127/toolchain/arm-none-eabi/bin/../lib/gcc/arm-none-eabi/14.2.1/../../../../arm-none-eabi/lib/thumb/v7-m/nofp/libc.a(libc_a-freer.o)
 .ARM.attributes
                0x00000437       0x2d /home/epl692/.pebble-sdk/SDKs/4.9.127/toolchain/arm-none-eabi/bin/../lib/gcc/arm-none-eabi/14.2.1/../../../../arm-none-eabi/lib/thumb/v7-m/nofp/libc.a(libc_a-mallocr.o)
 .ARM.attributes
                0x00000464       0x2d /home/epl692/.pebble-sdk/SDKs/4.9.127/toolchain/arm-none-eabi/bin/../lib/gcc/arm-none-eabi/14.2.1/../../../../arm-none-eabi/lib/thumb/v7-m/nofp/libc.a(libc_a-mlock.o)
 .ARM.attributes
                0x00000491       0x2d /home/epl692/.pebble-sdk/SDKs/4.9.127/toolchain/arm-none-eabi/bin/../lib/gcc/arm-none-eabi/14.2.1/../../../../arm-none-eabi/lib/thumb/v7-m/nofp/libc.a(libc_a-fclose.o)
 .ARM.attributes
                0x000004be       0x2d /home/epl692/.pebble-sdk/SDKs/4.9.127/toolchain/arm-none-eabi/bin/../lib/gcc/arm-none-eabi/14.2.1/../../../../arm-none-eabi/lib/thumb/v7-m/nofp/libc.a(libc_a-fflush.o)
 .ARM.attributes
                0x000004eb       0x2d /home/epl692/.pebble-sdk/SDKs/4.9.127/toolchain/arm-none-eabi/bin/../lib/gcc/arm-none-eabi/14.2.1/../../../../arm-none-eabi/lib/thumb/v7-m/nofp/libc.a(libc_a-sbrkr.o)
 .ARM.attributes
                0x00000518       0x2d /home/epl692/.pebble-sdk/SDKs/4.9.127/toolchain/arm-none-eabi/bin/../lib/gcc/arm-none-eabi/14.2.1/../../../../arm-none-eabi/lib/thumb/v7-m/nofp/libc.a(libc_a-sysconf.o)
 .ARM.attributes
                0x00000545       0x2d /home/epl692/.pebble-sdk/SDKs/4.9.127/toolchain/arm-none-eabi/bin/../lib/gcc/arm-none-eabi/14.2.1/../../../../arm-none-eabi/lib/thumb/v7-m/nofp/libc.a(libc_a-errno.o)
 .ARM.attributes
                0x00000572       0x2d /home/epl692/.pebble-sdk/SDKs/4.9.127/toolchain/arm-none-eabi/bin/../lib/gcc/arm-none-eabi/14.2.1/thumb/v7-m/nofp/crtend.o
 .ARM.attributes
                0x0000059f       0x1d /home/epl692/.pebble-sdk/SDKs/4.9.127/toolchain/arm-none-eabi/bin/../lib/gcc/arm-none-eabi/14.2.1/thumb/v7-m/nofp/crtn.o

.comment        0x00000000       0x39
 .comment       0x00000000       0x39 /home/epl692/.pebble-sdk/SDKs/4.9.127/toolchain/arm-none-eabi/bin/../lib/gcc/arm-none-eabi/14.2.1/thumb/v7-m/nofp/crtbegin.o
                                 0x3a (size before relaxing)
 .comment       0x00000039       0x3a src/c/main.c.57.o
 .comment       0x00000039       0x3a aplite/appinfo.auto.c.57.o
 .comment       0x00000039       0x3a aplite/src/resource_ids.auto.c.57.o
 .comment       0x00000039       0x3a src/message_keys.auto.c.57.o
 .comment       0x00000039       0x3a /home/epl692/.pebble-sdk/SDKs/4.9.127/toolchain/arm-none-eabi/bin/../lib/gcc/arm-none-eabi/14.2.1/../../../../arm-none-eabi/lib/thumb/v7-m/nofp/libc.a(libc_a-atexit.o)
 .comment       0x00000039       0x3a /home/epl692/.pebble-sdk/SDKs/4.9.127/toolchain/arm-none-eabi/bin/../lib/gcc/arm-none-eabi/14.2.1/../../../../arm-none-eabi/lib/thumb/v7-m/nofp/libc.a(libc_a-exit.o)
 .comment       0x00000039       0x3a /home/epl692/.pebble-sdk/SDKs/4.9.127/toolchain/arm-none-eabi/bin/../lib/gcc/arm-none-eabi/14.2.1/../../../../arm-none-eabi/lib/thumb/v7-m/nofp/libc.a(libc_a-findfp.o)
 .comment       0x00000039       0x3a /home/epl692/.pebble-sdk/SDKs/4.9.127/toolchain/arm-none-eabi/bin/../lib/gcc/arm-none-eabi/14.2.1/../../../../arm-none-eabi/lib/thumb/v7-m/nofp/libc.a(libc_a-fwalk.o)
 .comment       0x00000039       0x3a /home/epl692/.pebble-sdk/SDKs/4.9.127/toolchain/arm-none-eabi/bin/../lib/gcc/arm-none-eabi/14.2.1/../../../../arm-none-eabi/lib/thumb/v7-m/nofp/libc.a(libc_a-stdio.o)
 .comment       0x00000039       0x3a /home/epl692/.pebble-sdk/SDKs/4.9.127/toolchain/arm-none-eabi/bin/../lib/gcc/arm-none-eabi/14.2.1/../../../../arm-none-eabi/lib/thumb/v7-m/nofp/libc.a(libc_a-closer.o)
 .comment       0x00000039       0x3a /home/epl692/.pebble-sdk/SDKs/4.9.127/toolchain/arm-none-eabi/bin/../lib/gcc/arm-none-eabi/14.2.1/../../../../arm-none-eabi/lib/thumb/v7-m/nofp/libc.a(libc_a-reent.o)
 .comment       0x00000039       0x3a /home/epl692/.pebble-sdk/SDKs/4.9.127/toolchain/arm-none-eabi/bin/../lib/gcc/arm-none-eabi/14.2.1/../../../../arm-none-eabi/lib/thumb/v7-m/nofp/libc.a(libc_a-impure.o)
 .comment       0x00000039       0x3a /home/epl692/.pebble-sdk/SDKs/4.9.127/toolchain/arm-none-eabi/bin/../lib/gcc/arm-none-eabi/14.2.1/../../../../arm-none-eabi/lib/thumb/v7-m/nofp/libc.a(libc_a-lseekr.o)
 .comment       0x00000039       0x3a /home/epl692/.pebble-sdk/SDKs/4.9.127/toolchain/arm-none-eabi/bin/../lib/gcc/arm-none-eabi/14.2.1/../../../../arm-none-eabi/lib/thumb/v7-m/nofp/libc.a(libc_a-readr.o)
 .comment       0x00000039       0x3a /home/epl692/.pebble-sdk/SDKs/4.9.127/toolchain/arm-none-eabi/bin/../lib/gcc/arm-none-eabi/14.2.1/../../../../arm-none-eabi/lib/thumb/v7-m/nofp/libc.a(libc_a-writer.o)
 .comment       0x00000039       0x3a /home/epl692/.pebble-sdk/SDKs/4.9.127/toolchain/arm-none-eabi/bin/../lib/gcc/arm-none-eabi/14.2.1/../../../../arm-none-eabi/lib/thumb/v7-m/nofp/libc.a(libc_a-init.o)
 .comment       0x00000039       0x3a /home/epl692/.pebble-sdk/SDKs/4.9.127/toolchain/arm-none-eabi/bin/../lib/gcc/arm-none-eabi/14.2.1/../../../../arm-none-eabi/lib/thumb/v7-m/nofp/libc.a(libc_a-fini.o)
 .comment       0x00000039       0x3a /home/epl692/.pebble-sdk/SDKs/4.9.127/toolchain/arm-none-eabi/bin/../lib/gcc/arm-none-eabi/14.2.1/../../../../arm-none-eabi/lib/thumb/v7-m/nofp/libc.a(libc_a-lock.o)
 .comment       0x00000039       0x3a /home/epl692/.pebble-sdk/SDKs/4.9.127/toolchain/arm-none-eabi/bin/../lib/gcc/arm-none-eabi/14.2.1/../../../../arm-none-eabi/lib/thumb/v7-m/nofp/libc.a(libc_a-__atexit.o)
 .comment       0x00000039       0x3a /home/epl692/.pebble-sdk/SDKs/4.9.127/toolchain/arm-none-eabi/bin/../lib/gcc/arm-none-eabi/14.2.1/../../../../arm-none-eabi/lib/thumb/v7-m/nofp/libc.a(libc_a-__call_atexit.o)
 .comment       0x00000039       0x3a /home/epl692/.pebble-sdk/SDKs/4.9.127/toolchain/arm-none-eabi/bin/../lib/gcc/arm-none-eabi/14.2.1/../../../../arm-none-eabi/lib/thumb/v7-m/nofp/libc.a(libc_a-freer.o)
 .comment       0x00000039       0x3a /home/epl692/.pebble-sdk/SDKs/4.9.127/toolchain/arm-none-eabi/bin/../lib/gcc/arm-none-eabi/14.2.1/../../../../arm-none-eabi/lib/thumb/v7-m/nofp/libc.a(libc_a-mallocr.o)
 .comment       0x00000039       0x3a /home/epl692/.pebble-sdk/SDKs/4.9.127/toolchain/arm-none-eabi/bin/../lib/gcc/arm-none-eabi/14.2.1/../../../../arm-none-eabi/lib/thumb/v7-m/nofp/libc.a(libc_a-mlock.o)
 .comment       0x00000039       0x3a /home/epl692/.pebble-sdk/SDKs/4.9.127/toolchain/arm-none-eabi/bin/../lib/gcc/arm-none-eabi/14.2.1/../../../../arm-none-eabi/lib/thumb/v7-m/nofp/libc.a(libc_a-fclose.o)
 .comment       0x00000039       0x3a /home/epl692/.pebble-sdk/SDKs/4.9.127/toolchain/arm-none-eabi/bin/../lib/gcc/arm-none-eabi/14.2.1/../../../../arm-none-eabi/lib/thumb/v7-m/nofp/libc.a(libc_a-fflush.o)
 .comment       0x00000039       0x3a /home/epl692/.pebble-sdk/SDKs/4.9.127/toolchain/arm-none-eabi/bin/../lib/gcc/arm-none-eabi/14.2.1/../../../../arm-none-eabi/lib/thumb/v7-m/nofp/libc.a(libc_a-sbrkr.o)
 .comment       0x00000039       0x3a /home/epl692/.pebble-sdk/SDKs/4.9.127/toolchain/arm-none-eabi/bin/../lib/gcc/arm-none-eabi/14.2.1/../../../../arm-none-eabi/lib/thumb/v7-m/nofp/libc.a(libc_a-sysconf.o)
 .comment       0x00000039       0x3a /home/epl692/.pebble-sdk/SDKs/4.9.127/toolchain/arm-none-eabi/bin/../lib/gcc/arm-none-eabi/14.2.1/../../../../arm-none-eabi/lib/thumb/v7-m/nofp/libc.a(libc_a-errno.o)
 .comment       0x00000039       0x3a /home/epl692/.pebble-sdk/SDKs/4.9.127/toolchain/arm-none-eabi/bin/../lib/gcc/arm-none-eabi/14.2.1/thumb/v7-m/nofp/crtend.o

.debug_info     0x00000000     0x21d4
 .debug_info    0x00000000     0x1d3e src/c/main.c.57.o
 .debug_info    0x00001d3e      0x2fc aplite/appinfo.auto.c.57.o
 .debug_info    0x0000203a       0xad aplite/src/resource_ids.auto.c.57.o
 .debug_info    0x000020e7       0xed src/message_keys.auto.c.57.o

.debug_abbrev   0x00000000      0x5d3
 .debug_abbrev  0x00000000      0x48f src/c/main.c.57.o
 .debug_abbrev  0x0000048f       0xb0 aplite/appinfo.auto.c.57.o
 .debug_abbrev  0x0000053f       0x4a aplite/src/resource_ids.auto.c.57.o
 .debug_abbrev  0x00000589       0x4a src/message_keys.auto.c.57.o

.debug_loclists
                0x00000000      0x4b0
 .debug_loclists
                0x00000000      0x4b0 src/c/main.c.57.o

.debug_aranges  0x00000000       0xc8
 .debug_aranges
                0x00000000       0x80 src/c/main.c.57.o
 .debug_aranges
                0x00000080       0x18 aplite/appinfo.auto.c.57.o
 .debug_aranges
                0x00000098       0x18 aplite/src/resource_ids.auto.c.57.o
 .debug_aranges
                0x000000b0       0x18 src/message_keys.auto.c.57.o

.debug_rnglists
                0x00000000       0xc9
 .debug_rnglists
                0x00000000       0xc9 src/c/main.c.57.o

.debug_line     0x00000000      0xc5c
 .debug_line    0x00000000      0x8d9 src/c/main.c.57.o
 .debug_line    0x000008d9      0x162 aplite/appinfo.auto.c.57.o
 .debug_line    0x00000a3b      0x114 aplite/src/resource_ids.auto.c.57.o
 .debug_line    0x00000b4f      0x10d src/message_keys.auto.c.57.o

.debug_str      0x00000000     0x141e
 .debug_str     0x00000000     0x141e src/c/main.c.57.o
                               0x1287 (size before relaxing)
 .debug_str     0x0000141e      0x3af aplite/appinfo.auto.c.57.o
 .debug_str     0x0000141e      0x1bd aplite/src/resource_ids.auto.c.57.o
 .debug_str     0x0000141e      0x214 src/message_keys.auto.c.57.o

.debug_frame    0x00000000      0x1a0
 .debug_frame   0x00000000      0x1a0 src/c/main.c.57.o
